******************************************************************************
                  MSP430 Linker PC v21.6.1                     
******************************************************************************
>> Linked Wed Aug  2 06:56:09 2023

OUTPUT FILE NAME:   <Project.out>
ENTRY POINT SYMBOL: "_c_int00_noargs"  address: 000044d2


MEMORY CONFIGURATION

         name            origin    length      used     unused   attr    fill
----------------------  --------  ---------  --------  --------  ----  --------
  SFR                   00000000   00000010  00000000  00000010  RWIX
  PERIPHERALS_8BIT      00000010   000000f0  00000000  000000f0  RWIX
  PERIPHERALS_16BIT     00000100   00000100  00000000  00000100  RWIX
  INFOD                 00001800   00000080  00000000  00000080  RWIX
  INFOC                 00001880   00000080  00000000  00000080  RWIX
  INFOB                 00001900   00000080  00000000  00000080  RWIX
  INFOA                 00001980   00000080  00000000  00000080  RWIX
  USBRAM                00001c00   00000800  00000000  00000800  RWIX
  RAM                   00002400   00002000  0000058c  00001a74  RWIX
  FLASH                 00004400   0000bb80  0000166b  0000a515  RWIX
  INT00                 0000ff80   00000002  00000000  00000002  RWIX
  INT01                 0000ff82   00000002  00000000  00000002  RWIX
  INT02                 0000ff84   00000002  00000000  00000002  RWIX
  INT03                 0000ff86   00000002  00000000  00000002  RWIX
  INT04                 0000ff88   00000002  00000000  00000002  RWIX
  INT05                 0000ff8a   00000002  00000000  00000002  RWIX
  INT06                 0000ff8c   00000002  00000000  00000002  RWIX
  INT07                 0000ff8e   00000002  00000000  00000002  RWIX
  INT08                 0000ff90   00000002  00000000  00000002  RWIX
  INT09                 0000ff92   00000002  00000000  00000002  RWIX
  INT10                 0000ff94   00000002  00000000  00000002  RWIX
  INT11                 0000ff96   00000002  00000000  00000002  RWIX
  INT12                 0000ff98   00000002  00000000  00000002  RWIX
  INT13                 0000ff9a   00000002  00000000  00000002  RWIX
  INT14                 0000ff9c   00000002  00000000  00000002  RWIX
  INT15                 0000ff9e   00000002  00000000  00000002  RWIX
  INT16                 0000ffa0   00000002  00000000  00000002  RWIX
  INT17                 0000ffa2   00000002  00000000  00000002  RWIX
  INT18                 0000ffa4   00000002  00000000  00000002  RWIX
  INT19                 0000ffa6   00000002  00000000  00000002  RWIX
  INT20                 0000ffa8   00000002  00000000  00000002  RWIX
  INT21                 0000ffaa   00000002  00000000  00000002  RWIX
  INT22                 0000ffac   00000002  00000000  00000002  RWIX
  INT23                 0000ffae   00000002  00000000  00000002  RWIX
  INT24                 0000ffb0   00000002  00000000  00000002  RWIX
  INT25                 0000ffb2   00000002  00000000  00000002  RWIX
  INT26                 0000ffb4   00000002  00000000  00000002  RWIX
  INT27                 0000ffb6   00000002  00000000  00000002  RWIX
  INT28                 0000ffb8   00000002  00000000  00000002  RWIX
  INT29                 0000ffba   00000002  00000000  00000002  RWIX
  INT30                 0000ffbc   00000002  00000000  00000002  RWIX
  INT31                 0000ffbe   00000002  00000000  00000002  RWIX
  INT32                 0000ffc0   00000002  00000000  00000002  RWIX
  INT33                 0000ffc2   00000002  00000000  00000002  RWIX
  INT34                 0000ffc4   00000002  00000000  00000002  RWIX
  INT35                 0000ffc6   00000002  00000000  00000002  RWIX
  INT36                 0000ffc8   00000002  00000000  00000002  RWIX
  INT37                 0000ffca   00000002  00000000  00000002  RWIX
  INT38                 0000ffcc   00000002  00000000  00000002  RWIX
  INT39                 0000ffce   00000002  00000000  00000002  RWIX
  INT40                 0000ffd0   00000002  00000000  00000002  RWIX
  INT41                 0000ffd2   00000002  00000002  00000000  RWIX
  INT42                 0000ffd4   00000002  00000002  00000000  RWIX
  INT43                 0000ffd6   00000002  00000002  00000000  RWIX
  INT44                 0000ffd8   00000002  00000002  00000000  RWIX
  INT45                 0000ffda   00000002  00000002  00000000  RWIX
  INT46                 0000ffdc   00000002  00000002  00000000  RWIX
  INT47                 0000ffde   00000002  00000002  00000000  RWIX
  INT48                 0000ffe0   00000002  00000002  00000000  RWIX
  INT49                 0000ffe2   00000002  00000002  00000000  RWIX
  INT50                 0000ffe4   00000002  00000002  00000000  RWIX
  INT51                 0000ffe6   00000002  00000002  00000000  RWIX
  INT52                 0000ffe8   00000002  00000002  00000000  RWIX
  INT53                 0000ffea   00000002  00000002  00000000  RWIX
  INT54                 0000ffec   00000002  00000002  00000000  RWIX
  INT55                 0000ffee   00000002  00000002  00000000  RWIX
  INT56                 0000fff0   00000002  00000002  00000000  RWIX
  INT57                 0000fff2   00000002  00000002  00000000  RWIX
  INT58                 0000fff4   00000002  00000002  00000000  RWIX
  INT59                 0000fff6   00000002  00000002  00000000  RWIX
  INT60                 0000fff8   00000002  00000002  00000000  RWIX
  INT61                 0000fffa   00000002  00000002  00000000  RWIX
  INT62                 0000fffc   00000002  00000002  00000000  RWIX
  RESET                 0000fffe   00000002  00000002  00000000  RWIX
  FLASH2                00010000   000143f8  00009b56  0000a8a2  RWIX


SECTION ALLOCATION MAP

 output                                  attributes/
section   page    origin      length       input sections
--------  ----  ----------  ----------   ----------------
.data      0    00002400    00000266     UNINITIALIZED
                  00002400    000000c8     rts430x_lc_rd_eabi.lib : defs.c.obj (.data:_ftable)
                  000024c8    00000078                            : host_device.c.obj (.data:_device)
                  00002540    0000003c                            : host_device.c.obj (.data:_stream)
                  0000257c    0000002c     Motor.obj (.data:Left_Motor_PID)
                  000025a8    0000002c     Motor.obj (.data:Right_Motor_PID)
                  000025d4    0000002c     Vofa.obj (.data:Vofa_Sbuffer)
                  00002600    0000002c     inv_mpu.obj (.data:st)
                  0000262c    00000010     inv_mpu_dmp_motion_driver.obj (.data:dmp)
                  0000263c    00000009     inv_mpu.obj (.data:gyro_orientation)
                  00002645    00000001     --HOLE--
                  00002646    00000008     ucs.obj (.data)
                  0000264e    00000004     rts430x_lc_rd_eabi.lib : exit_gvars.c.obj (.data:__TI_cleanup_ptr)
                  00002652    00000004                            : exit_gvars.c.obj (.data:__TI_dtors_ptr)
                  00002656    00000004                            : _lock.c.obj (.data:_lock)
                  0000265a    00000004                            : _lock.c.obj (.data:_unlock)
                  0000265e    00000002                            : defs.c.obj (.data)
                  00002660    00000002                            : errno.c.obj (.data)
                  00002662    00000002                            : exit.c.obj (.data)
                  00002664    00000002                            : memory.c.obj (.data)

.cio       0    00002666    00000120     UNINITIALIZED
                  00002666    00000120     rts430x_lc_rd_eabi.lib : trgmsg.c.obj (.cio)

.bss       0    00002786    000000c6     UNINITIALIZED
                  00002786    000000a0     (.common:__TI_tmpnams)
                  00002826    0000000e     Motor.obj (.bss)
                  00002834    00000008     (.common:parmbuf)
                  0000283c    00000004     rts430x_lc_rd_eabi.lib : memory.c.obj (.bss)
                  00002840    00000004     (.common:pitch)
                  00002844    00000004     (.common:roll)
                  00002848    00000004     (.common:yow)

.sysmem    0    0000284c    000000a0     UNINITIALIZED
                  0000284c    00000008     rts430x_lc_rd_eabi.lib : memory.c.obj (.sysmem)
                  00002854    00000098     --HOLE--

.stack     0    00004360    000000a0     UNINITIALIZED
                  00004360    00000004     rts430x_lc_rd_eabi.lib : boot.c.obj (.stack)
                  00004364    0000009c     --HOLE--

.text:_isr 
*          0    00004400    000000f6     
                  00004400    00000076     Motor.obj (.text:_isr:TIMERB0_ISR)
                  00004476    0000005c     Motor.obj (.text:_isr:Port_2)
                  000044d2    0000001c     rts430x_lc_rd_eabi.lib : boot.c.obj (.text:_isr:_c_int00_noargs)
                  000044ee    00000008                            : isr_trap.asm.obj (.text:_isr:__TI_ISR_TRAP)

.cinit     0    000059ca    000000a2     
                  000059ca    0000007f     (.cinit..data.load) [load image, compression = lzss]
                  00005a49    00000001     --HOLE-- [fill = 0]
                  00005a4a    0000000c     (__TI_handler_table)
                  00005a56    00000006     (.cinit..bss.load) [load image, compression = zero_init]
                  00005a5c    00000010     (__TI_cinit_table)

.binit     0    00004400    00000000     

.init_array 
*          0    00004400    00000000     UNINITIALIZED

.const     0    000044f6    000014d3     
                  000044f6    00000bf6     inv_mpu_dmp_motion_driver.obj (.const:.string:dmp_memory)
                  000050ec    000005f0     Oled.obj (.const:OLED_F8x16)
                  000056dc    00000101     rts430x_lc_rd_eabi.lib : ctype.c.obj (.const:.string:_ctypes_)
                  000057dd    00000001     --HOLE-- [fill = 0]
                  000057de    00000092     inv_mpu.obj (.const:.string)
                  00005870    00000058     rts430x_lc_rd_eabi.lib : s_atan.c.obj (.const:aT)
                  000058c8    00000028     inv_mpu.obj (.const:test)
                  000058f0    00000026     rts430x_lc_rd_eabi.lib : _printfi.c.obj (.const:.string)
                  00005916    00000020                            : s_atan.c.obj (.const:atanhi)
                  00005936    00000020                            : s_atan.c.obj (.const:atanlo)
                  00005956    0000001c     gpio.obj (.const:GPIO_PORT_TO_BASE)
                  00005972    0000001b     inv_mpu.obj (.const:reg)
                  0000598d    00000001     --HOLE-- [fill = 0]
                  0000598e    0000000c     inv_mpu_dmp_motion_driver.obj (.const:.string:$P$T4$5)
                  0000599a    0000000c     inv_mpu.obj (.const:hw)
                  000059a6    00000009     inv_mpu_dmp_motion_driver.obj (.const:.string:$P$T5$6)
                  000059af    00000001     --HOLE-- [fill = 0]
                  000059b0    00000009     inv_mpu_dmp_motion_driver.obj (.const:.string:$P$T6$7)
                  000059b9    00000001     --HOLE-- [fill = 0]
                  000059ba    00000003     inv_mpu_dmp_motion_driver.obj (.const:.string:$P$T0$1)
                  000059bd    00000001     --HOLE-- [fill = 0]
                  000059be    00000003     inv_mpu_dmp_motion_driver.obj (.const:.string:$P$T1$2)
                  000059c1    00000001     --HOLE-- [fill = 0]
                  000059c2    00000003     inv_mpu_dmp_motion_driver.obj (.const:.string:$P$T2$3)
                  000059c5    00000001     --HOLE-- [fill = 0]
                  000059c6    00000003     inv_mpu_dmp_motion_driver.obj (.const:.string:$P$T3$4)

RTC        0    0000ffd2    00000002     
                  0000ffd2    00000002     rts430x_lc_rd_eabi.lib : int41.asm.obj (.int41)

PORT2      0    0000ffd4    00000002     
                  0000ffd4    00000002     Motor.obj (.int42)

TIMER2_A1 
*          0    0000ffd6    00000002     
                  0000ffd6    00000002     rts430x_lc_rd_eabi.lib : int43.asm.obj (.int43)

TIMER2_A0 
*          0    0000ffd8    00000002     
                  0000ffd8    00000002     rts430x_lc_rd_eabi.lib : int44.asm.obj (.int44)

USCI_B1    0    0000ffda    00000002     
                  0000ffda    00000002     rts430x_lc_rd_eabi.lib : int45.asm.obj (.int45)

USCI_A1    0    0000ffdc    00000002     
                  0000ffdc    00000002     rts430x_lc_rd_eabi.lib : int46.asm.obj (.int46)

PORT1      0    0000ffde    00000002     
                  0000ffde    00000002     rts430x_lc_rd_eabi.lib : int47.asm.obj (.int47)

TIMER1_A1 
*          0    0000ffe0    00000002     
                  0000ffe0    00000002     rts430x_lc_rd_eabi.lib : int48.asm.obj (.int48)

TIMER1_A0 
*          0    0000ffe2    00000002     
                  0000ffe2    00000002     rts430x_lc_rd_eabi.lib : int49.asm.obj (.int49)

DMA        0    0000ffe4    00000002     
                  0000ffe4    00000002     rts430x_lc_rd_eabi.lib : int50.asm.obj (.int50)

USB_UBM    0    0000ffe6    00000002     
                  0000ffe6    00000002     rts430x_lc_rd_eabi.lib : int51.asm.obj (.int51)

TIMER0_A1 
*          0    0000ffe8    00000002     
                  0000ffe8    00000002     rts430x_lc_rd_eabi.lib : int52.asm.obj (.int52)

TIMER0_A0 
*          0    0000ffea    00000002     
                  0000ffea    00000002     rts430x_lc_rd_eabi.lib : int53.asm.obj (.int53)

ADC12      0    0000ffec    00000002     
                  0000ffec    00000002     rts430x_lc_rd_eabi.lib : int54.asm.obj (.int54)

USCI_B0    0    0000ffee    00000002     
                  0000ffee    00000002     rts430x_lc_rd_eabi.lib : int55.asm.obj (.int55)

USCI_A0    0    0000fff0    00000002     
                  0000fff0    00000002     rts430x_lc_rd_eabi.lib : int56.asm.obj (.int56)

WDT        0    0000fff2    00000002     
                  0000fff2    00000002     rts430x_lc_rd_eabi.lib : int57.asm.obj (.int57)

TIMER0_B1 
*          0    0000fff4    00000002     
                  0000fff4    00000002     rts430x_lc_rd_eabi.lib : int58.asm.obj (.int58)

TIMER0_B0 
*          0    0000fff6    00000002     
                  0000fff6    00000002     Motor.obj (.int59)

COMP_B     0    0000fff8    00000002     
                  0000fff8    00000002     rts430x_lc_rd_eabi.lib : int60.asm.obj (.int60)

UNMI       0    0000fffa    00000002     
                  0000fffa    00000002     rts430x_lc_rd_eabi.lib : int61.asm.obj (.int61)

SYSNMI     0    0000fffc    00000002     
                  0000fffc    00000002     rts430x_lc_rd_eabi.lib : int62.asm.obj (.int62)

.reset     0    0000fffe    00000002     
                  0000fffe    00000002     rts430x_lc_rd_eabi.lib : boot.c.obj (.reset)

.text      0    00010000    00009b56     
                  00010000    0000072a     rts430x_lc_rd_eabi.lib : addd.c.obj (.text:__mspabi_addd)
                  0001072a    00000602                            : e_asin.c.obj (.text:asin)
                  00010d2c    000005ce     inv_mpu.obj (.text:get_st_biases)
                  000112fa    00000468     rts430x_lc_rd_eabi.lib : frcdivd.c.obj (.text:__TI_frcdivd)
                  00011762    0000043c                            : s_atan.c.obj (.text:atan)
                  00011b9e    00000380     inv_mpu.obj (.text:mpu_dmp_get_data)
                  00011f1e    0000034e     rts430x_lc_rd_eabi.lib : div64u.c.obj (.text:__mspabi_divull)
                  0001226c    0000030e                            : e_atan2.c.obj (.text:atan2)
                  0001257a    000002e0     inv_mpu_dmp_motion_driver.obj (.text:dmp_read_fifo)
                  0001285a    000002dc     rts430x_lc_rd_eabi.lib : e_sqrt.c.obj (.text:sqrt)
                  00012b36    000002a6                            : _printfi.c.obj (.text:__TI_printfi:__TI_printfi)
                  00012ddc    00000292                            : mpyd.c.obj (.text:__mspabi_mpyd)
                  0001306e    0000027a                            : _printfi.c.obj (.text:__TI_printfi:_setfield___TI_printfi)
                  000132e8    00000268                            : _printfi.c.obj (.text:_pproc_fgea)
                  00013550    00000226     inv_mpu_dmp_motion_driver.obj (.text:dmp_enable_feature)
                  00013776    00000224     rts430x_lc_rd_eabi.lib : _printfi.c.obj (.text:acvt)
                  0001399a    0000021c                            : divd.c.obj (.text:__mspabi_divd)
                  00013bb6    00000206                            : _printfi.c.obj (.text:__TI_printfi:_getarg_diouxp___TI_printfi)
                  00013dbc    000001ec     inv_mpu.obj (.text:mpu_reset_fifo)
                  00013fa8    000001e6     rts430x_lc_rd_eabi.lib : _printfi.c.obj (.text:ecvt)
                  0001418e    000001e0     inv_mpu.obj (.text:mpu_init)
                  0001436e    000001ce     inv_mpu_dmp_motion_driver.obj (.text:dmp_set_gyro_bias)
                  0001453c    000001c8     rts430x_lc_rd_eabi.lib : _printfi.c.obj (.text:fcvt)
                  00014704    000001ba     inv_mpu_dmp_motion_driver.obj (.text:dmp_set_accel_bias)
                  000148be    000001a2     rts430x_lc_rd_eabi.lib : _printfi.c.obj (.text:_pconv_e)
                  00014a60    00000198     inv_mpu_dmp_motion_driver.obj (.text:dmp_set_tap_thresh)
                  00014bf8    0000018e     inv_mpu_dmp_motion_driver.obj (.text:dmp_set_orientation)
                  00014d86    00000170     rts430x_lc_rd_eabi.lib : _printfi.c.obj (.text:_pconv_a)
                  00014ef6    00000164                            : frcmpyd.c.obj (.text:__TI_frcmpyd)
                  0001505a    0000015a                            : s_scalbn.c.obj (.text:scalbn)
                  000151b4    00000152     inv_mpu.obj (.text:gyro_self_test)
                  00015306    00000148     rts430x_lc_rd_eabi.lib : _printfi.c.obj (.text:__TI_printfi:_pproc_diouxp___TI_printfi)
                  0001544e    00000144     inv_mpu.obj (.text:mpu_set_bypass)
                  00015592    0000013c     rts430x_lc_rd_eabi.lib : div64s.c.obj (.text:__mspabi_divlli)
                  000156ce    00000132                            : fs_add.asm.obj (.text)
                  00015800    00000128                            : _printfi.c.obj (.text:__TI_printfi:_ltostr___TI_printfi)
                  00015928    0000011c     inv_mpu.obj (.text:mpu_run_self_test)
                  00015a44    00000116     pid.obj (.text:PID_PosOperation)
                  00015b5a    00000112     rts430x_lc_rd_eabi.lib : memory.c.obj (.text:aligned_alloc)
                  00015c6c    00000102     inv_mpu.obj (.text:accel_self_test)
                  00015d6e    000000fe     inv_mpu.obj (.text:run_self_test)
                  00015e6c    000000fc     rts430x_lc_rd_eabi.lib : _printfi.c.obj (.text:_pconv_g)
                  00015f68    000000f4     Oled.obj (.text:OLED_Init)
                  0001605c    000000f0     rts430x_lc_rd_eabi.lib : fputs.c.obj (.text:fputs)
                  0001614c    000000f0     inv_mpu.obj (.text:get_accel_prod_shift)
                  0001623c    000000ea     rts430x_lc_rd_eabi.lib : _printfi.c.obj (.text:__TI_printfi:_pproc_fwp___TI_printfi)
                  00016326    000000e6     inv_mpu.obj (.text:mpu_lp_accel_mode)
                  0001640c    000000e2     ucs.obj (.text:UCS_initFLL)
                  000164ee    000000e2     rts430x_lc_rd_eabi.lib : memory.c.obj (.text:free)
                  000165d0    000000e0     pmm.obj (.text:PMM_setVCoreUp)
                  000166b0    000000de     rts430x_lc_rd_eabi.lib : setvbuf.c.obj (.text:setvbuf)
                  0001678e    000000d8                            : cmpd.c.obj (.text:__mspabi_cmpd)
                  00016866    000000d0     MPU6050.obj (.text:MPU_Init)
                  00016936    000000cc     inv_mpu.obj (.text:mpu_set_sensors)
                  00016a02    000000c8     rts430x_lc_rd_eabi.lib : _printfi.c.obj (.text:__TI_printfi:_pproc_wstr___TI_printfi)
                  00016aca    000000c2     inv_mpu.obj (.text:mpu_read_fifo_stream)
                  00016b8c    000000ba     inv_mpu.obj (.text:mpu_load_firmware)
                  00016c46    000000b8     rts430x_lc_rd_eabi.lib : fs_mpy.asm.obj (.text)
                  00016cfe    000000b2                            : cvtdf.c.obj (.text:__mspabi_cvtdf)
                  00016db0    000000a6     ucs.obj (.text:UCS_initClockSignal)
                  00016e56    000000a6     rts430x_lc_rd_eabi.lib : _printfi.c.obj (.text:__TI_printfi:_pproc_str___TI_printfi)
                  00016efc    000000a6                            : s_frexp.c.obj (.text:frexp)
                  00016fa2    000000a2     pmm.obj (.text:PMM_setVCoreDown)
                  00017044    0000009e     rts430x_lc_rd_eabi.lib : fltlid.c.obj (.text:__mspabi_fltlid)
                  000170e2    0000009e     inv_mpu.obj (.text:mpu_dmp_init)
                  00017180    0000009a     rts430x_lc_rd_eabi.lib : hostlseek.c.obj (.text:HOSTlseek)
                  0001721a    00000098     inv_mpu.obj (.text:mpu_set_sample_rate)
                  000172b2    00000096     Sys.obj (.text:System_Confing)
                  00017348    00000090     rts430x_lc_rd_eabi.lib : _printfi.c.obj (.text:_ecpy)
                  000173d8    00000090                            : _printfi.c.obj (.text:_mcpy)
                  00017468    00000090                            : fputc.c.obj (.text:fputc)
                  000174f8    00000090                            : fs_div.asm.obj (.text)
                  00017588    00000080                            : _ltoa.c.obj (.text:__TI_ltoa)
                  00017608    00000080     inv_mpu.obj (.text:mpu_set_dmp_state)
                  00017688    0000007e     rts430x_lc_rd_eabi.lib : _io_perm.c.obj (.text:__TI_wrt_ok)
                  00017706    0000007e     inv_mpu.obj (.text:mpu_set_gyro_fsr)
                  00017784    0000007e     rts430x_lc_rd_eabi.lib : fs_tol.asm.obj (.text)
                  00017802    0000007c     Oled.obj (.text:OLED_ShowSignedNum)
                  0001787e    0000007c     inv_mpu.obj (.text:mpu_set_lpf)
                  000178fa    0000007a     inv_mpu.obj (.text:mpu_read_mem)
                  00017974    0000007a     inv_mpu.obj (.text:mpu_write_mem)
                  000179ee    00000078     rts430x_lc_rd_eabi.lib : _printfi.c.obj (.text:_pconv_f)
                  00017a66    00000078     inv_mpu.obj (.text:mpu_set_accel_fsr)
                  00017ade    00000076     Oled.obj (.text:OLED_ShowChar)
                  00017b54    00000076     rts430x_lc_rd_eabi.lib : copy_decompress_lzss.c.obj (.text:decompress:lzss:__TI_decompress_lzss)
                  00017bca    00000074                            : hostrename.c.obj (.text:HOSTrename)
                  00017c3e    00000074                            : fclose.c.obj (.text:__TI_closefile)
                  00017cb2    00000074     inv_mpu_dmp_motion_driver.obj (.text:dmp_set_fifo_rate)
                  00017d26    00000074     inv_mpu.obj (.text:set_int_enable)
                  00017d9a    00000074     rts430x_lc_rd_eabi.lib : memory.c.obj (.text:split)
                  00017e0e    00000070                            : hostopen.c.obj (.text:HOSTopen)
                  00017e7e    0000006e     MPU6050.obj (.text:MPU_Read_Len)
                  00017eec    0000006c     rts430x_lc_rd_eabi.lib : hostwrite.c.obj (.text:HOSTwrite)
                  00017f58    0000006a                            : hostread.c.obj (.text:HOSTread)
                  00017fc2    0000006a                            : fseek.c.obj (.text:fseeko)
                  0001802c    00000068                            : fs_toi.asm.obj (.text)
                  00018094    00000066                            : fixdli.c.obj (.text:__mspabi_fixdli)
                  000180fa    00000066     inv_mpu.obj (.text:mpu_configure_fifo)
                  00018160    00000064     rts430x_lc_rd_eabi.lib : fflush.c.obj (.text:__TI_doflush)
                  000181c4    00000064                            : cvtfd.c.obj (.text:__mspabi_cvtfd)
                  00018228    00000062     MPU6050.obj (.text:MPU_Write_Byte)
                  0001828a    00000062     rts430x_lc_rd_eabi.lib : atoi.c.obj (.text:atoi)
                  000182ec    00000060     inv_mpu.obj (.text:mpu_set_int_latched)
                  0001834c    0000005e     MPU6050.obj (.text:MPU_Write_Len)
                  000183aa    0000005c     rts430x_lc_rd_eabi.lib : mult64_f5hw.asm.obj (.text:__mpyll)
                  00018406    0000005a                            : close.c.obj (.text:close)
                  00018460    0000005a                            : getdevice.c.obj (.text:getdevice)
                  000184ba    00000058                            : div32u.asm.obj (.text)
                  00018512    00000054     Bsp_i2c.obj (.text:IIC_Wait_Ack_R)
                  00018566    00000054     Oled.obj (.text:OLED_IIC_SendByte)
                  000185ba    00000054     rts430x_lc_rd_eabi.lib : autoinit.c.obj (.text:__TI_auto_init_nobinit_nopinit_hold_wdt:__TI_auto_init_nobinit_nopinit_hold_wdt)
                  0001860e    00000054     inv_mpu.obj (.text:mpu_get_lpf)
                  00018662    00000052     pmm.obj (.text:PMM_setVCore)
                  000186b4    00000050     inv_mpu_dmp_motion_driver.obj (.text:decode_gesture)
                  00018704    0000004e     rts430x_lc_rd_eabi.lib : hostclose.c.obj (.text:HOSTclose)
                  00018752    0000004e     Bsp_i2c.obj (.text:IIC_Read_Byte)
                  000187a0    0000004e     Bsp_i2c.obj (.text:IIC_Send_Byte)
                  000187ee    0000004e     rts430x_lc_rd_eabi.lib : _printfi.c.obj (.text:_fcpy)
                  0001883c    0000004e     inv_mpu.obj (.text:mpu_get_gyro_sens)
                  0001888a    0000004a     rts430x_lc_rd_eabi.lib : exit.c.obj (.text:exit)
                  000188d4    0000004a     main.obj (.text:main)
                  0001891e    0000004a     rts430x_lc_rd_eabi.lib : printf.c.obj (.text:printf)
                  00018968    0000004a                            : fs_cmp.asm.obj (.text)
                  000189b2    0000004a                            : fs_ltof.asm.obj (.text)
                  000189fc    00000048     inv_mpu_dmp_motion_driver.obj (.text:dmp_enable_gyro_cal)
                  00018a44    00000048     inv_mpu.obj (.text:inv_row_2_scale)
                  00018a8c    00000046     rts430x_lc_rd_eabi.lib : hostunlink.c.obj (.text:HOSTunlink)
                  00018ad2    00000046     inv_mpu_dmp_motion_driver.obj (.text:dmp_set_shake_reject_thresh)
                  00018b18    00000046     inv_mpu.obj (.text:mpu_get_accel_sens)
                  00018b5e    00000046     rts430x_lc_rd_eabi.lib : fs_tou.asm.obj (.text)
                  00018ba4    00000044     MPU6050.obj (.text:MPU_Set_LPF)
                  00018be8    00000044     inv_mpu_dmp_motion_driver.obj (.text:dmp_enable_6x_lp_quat)
                  00018c2c    00000044     inv_mpu_dmp_motion_driver.obj (.text:dmp_enable_lp_quat)
                  00018c70    00000040     MPU6050.obj (.text:MPU_Read_Byte)
                  00018cb0    00000040     rts430x_lc_rd_eabi.lib : asr64.c.obj (.text:__mspabi_srall)
                  00018cf0    00000040     inv_mpu.obj (.text:mpu_get_accel_fsr)
                  00018d30    00000040     rts430x_lc_rd_eabi.lib : div32s.asm.obj (.text)
                  00018d70    0000003e     Motor.obj (.text:Pid_Init)
                  00018dae    0000003e     rts430x_lc_rd_eabi.lib : asr32.asm.obj (.text:l_asr_const)
                  00018dec    0000003e                            : lsl32.asm.obj (.text:l_lsl_const)
                  00018e2a    0000003e                            : lsr32.asm.obj (.text:l_lsr_const)
                  00018e68    0000003e                            : lseek.c.obj (.text:lseek)
                  00018ea6    0000003c     inv_mpu.obj (.text:mpu_get_gyro_fsr)
                  00018ee2    0000003c     rts430x_lc_rd_eabi.lib : write.c.obj (.text:write)
                  00018f1e    0000003a                            : lsl64.c.obj (.text:__mspabi_sllll)
                  00018f58    0000003a                            : lsr64.c.obj (.text:__mspabi_srlll)
                  00018f92    00000038     ucs.obj (.text:UCS_turnOnLFXT1)
                  00018fca    00000036     MPU6050.obj (.text:MPU_Set_Rate)
                  00019000    00000036     ucs.obj (.text:UCS_initFLLSettle)
                  00019036    00000036     rts430x_lc_rd_eabi.lib : fopen.c.obj (.text:__TI_cleanup)
                  0001906c    00000036                            : trgmsg.c.obj (.text:__TI_writemsg)
                  000190a2    00000036                            : fs_itof.asm.obj (.text)
                  000190d8    00000034     gpio.obj (.text:GPIO_setAsInputPin)
                  0001910c    00000034     ucs.obj (.text:UCS_turnOnXT2)
                  00019140    00000034     inv_mpu_dmp_motion_driver.obj (.text:dmp_set_tap_axes)
                  00019174    00000032     rts430x_lc_rd_eabi.lib : trgmsg.c.obj (.text:__TI_readmsg)
                  000191a6    00000032                            : subd.c.obj (.text:__mspabi_subd)
                  000191d8    00000032                            : fs_ultof.asm.obj (.text)
                  0001920a    00000032                            : strncpy.c.obj (.text:strncpy)
                  0001923c    00000030     gpio.obj (.text:GPIO_getInterruptStatus)
                  0001926c    00000030     Oled.obj (.text:OLED_Clear)
                  0001929c    00000030     rts430x_lc_rd_eabi.lib : unlink.c.obj (.text:unlink)
                  000192cc    0000002e                            : negd.c.obj (.text:__mspabi_negd)
                  000192fa    0000002e                            : s_copysign.c.obj (.text:copysign)
                  00019328    0000002e                            : getdevice.c.obj (.text:finddevice)
                  00019356    0000002c     Oled.obj (.text:OLED_Pow)
                  00019382    0000002c     rts430x_lc_rd_eabi.lib : mult3264_f5hw.asm.obj (.text:__mpyull)
                  000193ae    0000002c                            : memory.c.obj (.text:free_list_insert)
                  000193da    0000002c                            : div16s.asm.obj (.text)
                  00019406    0000002a     Bsp_i2c.obj (.text:IIC_Ack)
                  00019430    0000002a     Bsp_i2c.obj (.text:IIC_NAck)
                  0001945a    0000002a     Bsp_i2c.obj (.text:IIC_Start)
                  00019484    0000002a     Bsp_i2c.obj (.text:IIC_Stop)
                  000194ae    0000002a     Oled.obj (.text:OLED_Set_Cursor)
                  000194d8    0000002a     rts430x_lc_rd_eabi.lib : memory.c.obj (.text:free_list_remove)
                  00019502    0000002a     inv_mpu.obj (.text:inv_orientation_matrix_to_scalar)
                  0001952c    00000028     gpio.obj (.text:GPIO_setAsOutputPin)
                  00019554    00000028     gpio.obj (.text:GPIO_setAsPeripheralModuleFunctionInputPin)
                  0001957c    00000028     gpio.obj (.text:GPIO_setAsPeripheralModuleFunctionOutputPin)
                  000195a4    00000028     rts430x_lc_rd_eabi.lib : fixdi.c.obj (.text:__mspabi_fixdi)
                  000195cc    00000028     inv_mpu_dmp_motion_driver.obj (.text:dmp_set_tap_count)
                  000195f4    00000026     Motor.obj (.text:Get_Encoder_Speed)
                  0001961a    00000026     Oled.obj (.text:OLED_WriteData)
                  00019640    00000026     inv_mpu_dmp_motion_driver.obj (.text:dmp_set_shake_reject_time)
                  00019666    00000026     inv_mpu_dmp_motion_driver.obj (.text:dmp_set_shake_reject_timeout)
                  0001968c    00000026     inv_mpu_dmp_motion_driver.obj (.text:dmp_set_tap_time)
                  000196b2    00000026     inv_mpu_dmp_motion_driver.obj (.text:dmp_set_tap_time_multi)
                  000196d8    00000026     rts430x_lc_rd_eabi.lib : memccpy.c.obj (.text:memccpy)
                  000196fe    00000026                            : memcmp.c.obj (.text:memcmp)
                  00019724    00000024     Oled.obj (.text:OLED_WriteCommand)
                  00019748    00000024     rts430x_lc_rd_eabi.lib : copy_zero_init.c.obj (.text:decompress:ZI:__TI_zero_init_nomemset:__TI_zero_init_nomemset)
                  0001976c    00000024                            : fs_utof.asm.obj (.text)
                  00019790    00000024                            : mult32_f5hw.asm.obj (.text)
                  000197b4    00000022     Bsp_i2c.obj (.text:IIC_Init)
                  000197d6    00000022     Bsp_usart.obj (.text:Vofa_PrintDatas)
                  000197f8    00000020     usci_a_uart.obj (.text:USCI_A_UART_transmitData)
                  00019818    00000020     wdt_a.obj (.text:WDT_A_hold)
                  00019838    0000001e     gpio.obj (.text:GPIO_clearInterrupt)
                  00019856    0000001c     gpio.obj (.text:GPIO_getInputPinValue)
                  00019872    0000001c     gpio.obj (.text:GPIO_setOutputHighOnPin)
                  0001988e    0000001c     gpio.obj (.text:GPIO_setOutputLowOnPin)
                  000198aa    0000001c     rts430x_lc_rd_eabi.lib : strchr.c.obj (.text:strchr)
                  000198c6    0000001c                            : strcmp.c.obj (.text:strcmp)
                  000198e2    0000001a     Oled.obj (.text:OLED_IIC_Start)
                  000198fc    00000018     Oled.obj (.text:IIC_Write_SCL)
                  00019914    00000018     Oled.obj (.text:IIC_Write_SDA)
                  0001992c    00000018     rts430x_lc_rd_eabi.lib : mult16_f5hw.asm.obj (.text)
                  00019944    00000016     Oled.obj (.text:OLED_IIC_Init)
                  0001995a    00000016     inv_mpu_dmp_motion_driver.obj (.text:dmp_load_motion_driver_firmware)
                  00019970    00000016     rts430x_lc_rd_eabi.lib : memory.c.obj (.text:heap_start)
                  00019986    00000016                            : llabs.c.obj (.text:llabs)
                  0001999c    00000016                            : memchr.c.obj (.text:memchr)
                  000199b2    00000016                            : memset.c.obj (.text:memset)
                  000199c8    00000016                            : div16u.asm.obj (.text)
                  000199de    00000016                            : wcslen.c.obj (.text:wcslen)
                  000199f4    00000014     Oled.obj (.text:OLED_IIC_Stop)
                  00019a08    00000014     Vofa.obj (.text:Vofa_Input)
                  00019a1c    00000014     rts430x_lc_rd_eabi.lib : memcpy.c.obj (.text:memcpy)
                  00019a30    00000014     inv_mpu.obj (.text:mpu_get_sample_rate)
                  00019a44    00000012     ucs.obj (.text:UCS_setExternalClockSource)
                  00019a56    00000012     rts430x_lc_rd_eabi.lib : copy_decompress_none.c.obj (.text:decompress:none:__TI_decompress_none)
                  00019a68    00000012                            : strcpy.c.obj (.text:strcpy)
                  00019a7a    00000012                            : toupper.c.obj (.text:toupper)
                  00019a8c    00000010     MPU6050.obj (.text:MPU_Set_Accel_Fsr)
                  00019a9c    00000010     MPU6050.obj (.text:MPU_Set_Gyro_Fsr)
                  00019aac    00000010     rts430x_lc_rd_eabi.lib : lsl32.asm.obj (.text:l_lsl)
                  00019abc    00000010                            : lsr32.asm.obj (.text:l_lsr)
                  00019acc    0000000e     Vofa.obj (.text:Vofa_Send)
                  00019ada    0000000e     rts430x_lc_rd_eabi.lib : labs.c.obj (.text:labs)
                  00019ae8    0000000e                            : strlen.c.obj (.text:strlen)
                  00019af6    0000000c                            : fltid.c.obj (.text:__mspabi_fltid)
                  00019b02    0000000a     Oled.obj (.text:IIC_Write)
                  00019b0c    0000000a     rts430x_lc_rd_eabi.lib : abs.c.obj (.text:abs)
                  00019b16    0000000a     inv_mpu.obj (.text:mpu_get_fifo_config)
                  00019b20    0000000a     rts430x_lc_rd_eabi.lib : asr16.asm.obj (.text)
                  00019b2a    0000000a                            : lsl16.asm.obj (.text)
                  00019b34    00000008                            : memory.c.obj (.text:malloc)
                  00019b3c    00000006                            : printf.c.obj (.text:_outc)
                  00019b42    00000006                            : exit.c.obj (.text:abort)
                  00019b48    00000004                            : printf.c.obj (.text:_outs)
                  00019b4c    00000004                            : pre_init.c.obj (.text:_system_pre_init)
                  00019b50    00000002                            : _lock.c.obj (.text:_nop)
                  00019b52    00000002                            : startup.c.obj (.text:_system_post_cinit)
                  00019b54    00000002     inv_mpu.obj (.text:mget_ms)

MODULE SUMMARY

       Module                          code    ro data   rw data
       ------                          ----    -------   -------
    .\
       main.obj                        74      0         12     
    +--+-------------------------------+-------+---------+---------+
       Total:                          74      0         12     
                                                                
    .\Bsp\
       Bsp_i2c.obj                     442     0         0      
       Bsp_usart.obj                   34      0         0      
    +--+-------------------------------+-------+---------+---------+
       Total:                          476     0         0      
                                                                
    .\Hardware\MPU6050\
       MPU6050.obj                     728     0         0      
    +--+-------------------------------+-------+---------+---------+
       Total:                          728     0         0      
                                                                
    .\Hardware\MPU6050\DMP\
       inv_mpu.obj                     7734    225       53     
       inv_mpu_dmp_motion_driver.obj   3736    3104      16     
    +--+-------------------------------+-------+---------+---------+
       Total:                          11470   3329      69     
                                                                
    .\Hardware\Motor\
       Motor.obj                       310     4         102    
    +--+-------------------------------+-------+---------+---------+
       Total:                          310     4         102    
                                                                
    .\Hardware\OLED\
       Oled.obj                        904     1520      0      
    +--+-------------------------------+-------+---------+---------+
       Total:                          904     1520      0      
                                                                
    .\Library\MSP430F5xx_6xx\
       ucs.obj                         572     0         8      
       pmm.obj                         468     0         0      
       gpio.obj                        334     28        0      
       usci_a_uart.obj                 32      0         0      
       wdt_a.obj                       32      0         0      
    +--+-------------------------------+-------+---------+---------+
       Total:                          1438    28        8      
                                                                
    .\Software\
       pid.obj                         278     0         0      
       Vofa.obj                        34      0         44     
    +--+-------------------------------+-------+---------+---------+
       Total:                          312     0         44     
                                                                
    .\System\
       Sys.obj                         150     0         0      
    +--+-------------------------------+-------+---------+---------+
       Total:                          150     0         0      
                                                                
    D:\Program Files\ti\ccs1240\ccs\tools\compiler\ti-cgt-msp430_21.6.1.LTS\lib\rts430x_lc_rd_eabi.lib
       _printfi.c.obj                  6684    38        0      
       addd.c.obj                      1834    0         0      
       e_asin.c.obj                    1538    0         0      
       s_atan.c.obj                    1084    152       0      
       frcdivd.c.obj                   1128    0         0      
       div64u.c.obj                    846     0         0      
       e_atan2.c.obj                   782     0         0      
       memory.c.obj                    732     0         6      
       e_sqrt.c.obj                    732     0         0      
       mpyd.c.obj                      658     0         0      
       divd.c.obj                      540     0         0      
       trgmsg.c.obj                    104     0         288    
       defs.c.obj                      0       0         362    
       frcmpyd.c.obj                   356     0         0      
       s_scalbn.c.obj                  346     0         0      
       div64s.c.obj                    316     0         0      
       fs_add.asm.obj                  306     0         0      
       ctype.c.obj                     0       257       0      
       fputs.c.obj                     240     0         0      
       setvbuf.c.obj                   222     0         0      
       cmpd.c.obj                      216     0         0      
       fs_mpy.asm.obj                  184     0         0      
       host_device.c.obj               0       0         180    
       cvtdf.c.obj                     178     0         0      
       s_frexp.c.obj                   166     0         0      
       fltlid.c.obj                    158     0         0      
       hostlseek.c.obj                 154     0         0      
       fputc.c.obj                     144     0         0      
       fs_div.asm.obj                  144     0         0      
       getdevice.c.obj                 136     0         0      
       _ltoa.c.obj                     128     0         0      
       _io_perm.c.obj                  126     0         0      
       fs_tol.asm.obj                  126     0         0      
       hostopen.c.obj                  112     0         8      
       copy_decompress_lzss.c.obj      118     0         0      
       fclose.c.obj                    116     0         0      
       hostrename.c.obj                116     0         0      
       hostwrite.c.obj                 108     0         0      
       fseek.c.obj                     106     0         0      
       hostread.c.obj                  106     0         0      
       fs_toi.asm.obj                  104     0         0      
       fixdli.c.obj                    102     0         0      
       cvtfd.c.obj                     100     0         0      
       fflush.c.obj                    100     0         0      
       atoi.c.obj                      98      0         0      
       mult64_f5hw.asm.obj             92      0         0      
       close.c.obj                     90      0         0      
       div32u.asm.obj                  88      0         0      
       autoinit.c.obj                  84      0         0      
       printf.c.obj                    84      0         0      
       exit.c.obj                      80      0         2      
       hostclose.c.obj                 78      0         0      
       lsl32.asm.obj                   78      0         0      
       lsr32.asm.obj                   78      0         0      
       fs_cmp.asm.obj                  74      0         0      
       fs_ltof.asm.obj                 74      0         0      
       fs_tou.asm.obj                  70      0         0      
       hostunlink.c.obj                70      0         0      
       asr64.c.obj                     64      0         0      
       div32s.asm.obj                  64      0         0      
       asr32.asm.obj                   62      0         0      
       lseek.c.obj                     62      0         0      
       write.c.obj                     60      0         0      
       lsl64.c.obj                     58      0         0      
       lsr64.c.obj                     58      0         0      
       fopen.c.obj                     54      0         0      
       fs_itof.asm.obj                 54      0         0      
       fs_ultof.asm.obj                50      0         0      
       strncpy.c.obj                   50      0         0      
       subd.c.obj                      50      0         0      
       unlink.c.obj                    48      0         0      
       negd.c.obj                      46      0         0      
       s_copysign.c.obj                46      0         0      
       div16s.asm.obj                  44      0         0      
       mult3264_f5hw.asm.obj           44      0         0      
       fixdi.c.obj                     40      0         0      
       memccpy.c.obj                   38      0         0      
       memcmp.c.obj                    38      0         0      
       copy_zero_init.c.obj            36      0         0      
       fs_utof.asm.obj                 36      0         0      
       mult32_f5hw.asm.obj             36      0         0      
       boot.c.obj                      28      2         0      
       strchr.c.obj                    28      0         0      
       strcmp.c.obj                    28      0         0      
       mult16_f5hw.asm.obj             24      0         0      
       div16u.asm.obj                  22      0         0      
       llabs.c.obj                     22      0         0      
       memchr.c.obj                    22      0         0      
       memset.c.obj                    22      0         0      
       wcslen.c.obj                    22      0         0      
       memcpy.c.obj                    20      0         0      
       copy_decompress_none.c.obj      18      0         0      
       strcpy.c.obj                    18      0         0      
       toupper.c.obj                   18      0         0      
       labs.c.obj                      14      0         0      
       strlen.c.obj                    14      0         0      
       fltid.c.obj                     12      0         0      
       _lock.c.obj                     2       0         8      
       abs.c.obj                       10      0         0      
       asr16.asm.obj                   10      0         0      
       lsl16.asm.obj                   10      0         0      
       exit_gvars.c.obj                0       0         8      
       isr_trap.asm.obj                8       0         0      
       pre_init.c.obj                  4       0         0      
       errno.c.obj                     0       0         2      
       int41.asm.obj                   0       2         0      
       int43.asm.obj                   0       2         0      
       int44.asm.obj                   0       2         0      
       int45.asm.obj                   0       2         0      
       int46.asm.obj                   0       2         0      
       int47.asm.obj                   0       2         0      
       int48.asm.obj                   0       2         0      
       int49.asm.obj                   0       2         0      
       int50.asm.obj                   0       2         0      
       int51.asm.obj                   0       2         0      
       int52.asm.obj                   0       2         0      
       int53.asm.obj                   0       2         0      
       int54.asm.obj                   0       2         0      
       int55.asm.obj                   0       2         0      
       int56.asm.obj                   0       2         0      
       int57.asm.obj                   0       2         0      
       int58.asm.obj                   0       2         0      
       int60.asm.obj                   0       2         0      
       int61.asm.obj                   0       2         0      
       int62.asm.obj                   0       2         0      
       startup.c.obj                   2       0         0      
    +--+-------------------------------+-------+---------+---------+
       Total:                          24150   489       864    
                                                                
       Heap:                           0       0         160    
       Stack:                          0       0         160    
       Linker Generated:               0       161       0      
    +--+-------------------------------+-------+---------+---------+
       Grand Total:                    40012   5531      1419   


LINKER GENERATED COPY TABLES

__TI_cinit_table @ 00005a5c records: 2, size/record: 8, table size: 16
	.data: load addr=000059ca, load size=0000007f bytes, run addr=00002400, run size=00000266 bytes, compression=lzss
	.bss: load addr=00005a56, load size=00000006 bytes, run addr=00002786, run size=000000c6 bytes, compression=zero_init


LINKER GENERATED HANDLER TABLE

__TI_handler_table @ 00005a4a records: 3, size/record: 4, table size: 12
	index: 0, handler: __TI_zero_init
	index: 1, handler: __TI_decompress_lzss
	index: 2, handler: __TI_decompress_none


GLOBAL SYMBOLS: SORTED ALPHABETICALLY BY Name 

address   name                                       
-------   ----                                       
00000700  ADC12CTL0                                  
00000701  ADC12CTL0_H                                
00000700  ADC12CTL0_L                                
00000702  ADC12CTL1                                  
00000703  ADC12CTL1_H                                
00000702  ADC12CTL1_L                                
00000704  ADC12CTL2                                  
00000705  ADC12CTL2_H                                
00000704  ADC12CTL2_L                                
0000070c  ADC12IE                                    
0000070d  ADC12IE_H                                  
0000070c  ADC12IE_L                                  
0000070a  ADC12IFG                                   
0000070b  ADC12IFG_H                                 
0000070a  ADC12IFG_L                                 
0000070e  ADC12IV                                    
0000070f  ADC12IV_H                                  
0000070e  ADC12IV_L                                  
00000710  ADC12MCTL0                                 
00000711  ADC12MCTL1                                 
0000071a  ADC12MCTL10                                
0000071b  ADC12MCTL11                                
0000071c  ADC12MCTL12                                
0000071d  ADC12MCTL13                                
0000071e  ADC12MCTL14                                
0000071f  ADC12MCTL15                                
00000712  ADC12MCTL2                                 
00000713  ADC12MCTL3                                 
00000714  ADC12MCTL4                                 
00000715  ADC12MCTL5                                 
00000716  ADC12MCTL6                                 
00000717  ADC12MCTL7                                 
00000718  ADC12MCTL8                                 
00000719  ADC12MCTL9                                 
00000720  ADC12MEM0                                  
00000721  ADC12MEM0_H                                
00000720  ADC12MEM0_L                                
00000722  ADC12MEM1                                  
00000734  ADC12MEM10                                 
00000735  ADC12MEM10_H                               
00000734  ADC12MEM10_L                               
00000736  ADC12MEM11                                 
00000737  ADC12MEM11_H                               
00000736  ADC12MEM11_L                               
00000738  ADC12MEM12                                 
00000739  ADC12MEM12_H                               
00000738  ADC12MEM12_L                               
0000073a  ADC12MEM13                                 
0000073b  ADC12MEM13_H                               
0000073a  ADC12MEM13_L                               
0000073c  ADC12MEM14                                 
0000073d  ADC12MEM14_H                               
0000073c  ADC12MEM14_L                               
0000073e  ADC12MEM15                                 
0000073f  ADC12MEM15_H                               
0000073e  ADC12MEM15_L                               
00000723  ADC12MEM1_H                                
00000722  ADC12MEM1_L                                
00000724  ADC12MEM2                                  
00000725  ADC12MEM2_H                                
00000724  ADC12MEM2_L                                
00000726  ADC12MEM3                                  
00000727  ADC12MEM3_H                                
00000726  ADC12MEM3_L                                
00000728  ADC12MEM4                                  
00000729  ADC12MEM4_H                                
00000728  ADC12MEM4_L                                
0000072a  ADC12MEM5                                  
0000072b  ADC12MEM5_H                                
0000072a  ADC12MEM5_L                                
0000072c  ADC12MEM6                                  
0000072d  ADC12MEM6_H                                
0000072c  ADC12MEM6_L                                
0000072e  ADC12MEM7                                  
0000072f  ADC12MEM7_H                                
0000072e  ADC12MEM7_L                                
00000730  ADC12MEM8                                  
00000731  ADC12MEM8_H                                
00000730  ADC12MEM8_L                                
00000732  ADC12MEM9                                  
00000733  ADC12MEM9_H                                
00000732  ADC12MEM9_L                                
00019b42  C$$EXIT                                    
0001909e  C$$IO$$                                    
000008c0  CBCTL0                                     
000008c1  CBCTL0_H                                   
000008c0  CBCTL0_L                                   
000008c2  CBCTL1                                     
000008c3  CBCTL1_H                                   
000008c2  CBCTL1_L                                   
000008c4  CBCTL2                                     
000008c5  CBCTL2_H                                   
000008c4  CBCTL2_L                                   
000008c6  CBCTL3                                     
000008c7  CBCTL3_H                                   
000008c6  CBCTL3_L                                   
000008cc  CBINT                                      
000008cd  CBINT_H                                    
000008cc  CBINT_L                                    
000008ce  CBIV                                       
00000150  CRCDI                                      
00000152  CRCDIRB                                    
00000153  CRCDIRB_H                                  
00000152  CRCDIRB_L                                  
00000151  CRCDI_H                                    
00000150  CRCDI_L                                    
00000154  CRCINIRES                                  
00000155  CRCINIRES_H                                
00000154  CRCINIRES_L                                
00000156  CRCRESR                                    
00000157  CRCRESR_H                                  
00000156  CRCRESR_L                                  
00000510  DMA0CTL                                    
00000516  DMA0DA                                     
00000518  DMA0DAH                                    
00000516  DMA0DAL                                    
00000512  DMA0SA                                     
00000514  DMA0SAH                                    
00000512  DMA0SAL                                    
0000051a  DMA0SZ                                     
00000520  DMA1CTL                                    
00000526  DMA1DA                                     
00000528  DMA1DAH                                    
00000526  DMA1DAL                                    
00000522  DMA1SA                                     
00000524  DMA1SAH                                    
00000522  DMA1SAL                                    
0000052a  DMA1SZ                                     
00000530  DMA2CTL                                    
00000536  DMA2DA                                     
00000538  DMA2DAH                                    
00000536  DMA2DAL                                    
00000532  DMA2SA                                     
00000534  DMA2SAH                                    
00000532  DMA2SAL                                    
0000053a  DMA2SZ                                     
00000500  DMACTL0                                    
00000502  DMACTL1                                    
00000504  DMACTL2                                    
00000506  DMACTL3                                    
00000508  DMACTL4                                    
0000050e  DMAIV                                      
00000140  FCTL1                                      
00000141  FCTL1_H                                    
00000140  FCTL1_L                                    
00000144  FCTL3                                      
00000145  FCTL3_H                                    
00000144  FCTL3_L                                    
00000146  FCTL4                                      
00000147  FCTL4_H                                    
00000146  FCTL4_L                                    
00019838  GPIO_clearInterrupt                        
00019856  GPIO_getInputPinValue                      
0001923c  GPIO_getInterruptStatus                    
000190d8  GPIO_setAsInputPin                         
0001952c  GPIO_setAsOutputPin                        
00019554  GPIO_setAsPeripheralModuleFunctionInputPin 
0001957c  GPIO_setAsPeripheralModuleFunctionOutputPin
00019872  GPIO_setOutputHighOnPin                    
0001988e  GPIO_setOutputLowOnPin                     
000195f4  Get_Encoder_Speed                          
00018704  HOSTclose                                  
00017180  HOSTlseek                                  
00017e0e  HOSTopen                                   
00017f58  HOSTread                                   
00017bca  HOSTrename                                 
00018a8c  HOSTunlink                                 
00017eec  HOSTwrite                                  
00019406  IIC_Ack                                    
000197b4  IIC_Init                                   
00019430  IIC_NAck                                   
00018752  IIC_Read_Byte                              
000187a0  IIC_Send_Byte                              
0001945a  IIC_Start                                  
00019484  IIC_Stop                                   
00018512  IIC_Wait_Ack_R                             
00019b02  IIC_Write                                  
000198fc  IIC_Write_SCL                              
00019914  IIC_Write_SDA                              
0000257c  Left_Motor_PID                             
000004c4  MAC                                        
000004da  MAC32H                                     
000004db  MAC32H_H                                   
000004da  MAC32H_L                                   
000004d8  MAC32L                                     
000004d9  MAC32L_H                                   
000004d8  MAC32L_L                                   
000004c6  MACS                                       
000004de  MACS32H                                    
000004df  MACS32H_H                                  
000004de  MACS32H_L                                  
000004dc  MACS32L                                    
000004dd  MACS32L_H                                  
000004dc  MACS32L_L                                  
000004c7  MACS_H                                     
000004c6  MACS_L                                     
000004c5  MAC_H                                      
000004c4  MAC_L                                      
00016866  MPU_Init                                   
00018c70  MPU_Read_Byte                              
00017e7e  MPU_Read_Len                               
00019a8c  MPU_Set_Accel_Fsr                          
00019a9c  MPU_Set_Gyro_Fsr                           
00018ba4  MPU_Set_LPF                                
00018fca  MPU_Set_Rate                               
00018228  MPU_Write_Byte                             
0001834c  MPU_Write_Len                              
000004c0  MPY                                        
000004ec  MPY32CTL0                                  
000004ed  MPY32CTL0_H                                
000004ec  MPY32CTL0_L                                
000004d2  MPY32H                                     
000004d3  MPY32H_H                                   
000004d2  MPY32H_L                                   
000004d0  MPY32L                                     
000004d1  MPY32L_H                                   
000004d0  MPY32L_L                                   
000004c2  MPYS                                       
000004d6  MPYS32H                                    
000004d7  MPYS32H_H                                  
000004d6  MPYS32H_L                                  
000004d4  MPYS32L                                    
000004d5  MPYS32L_H                                  
000004d4  MPYS32L_L                                  
000004c3  MPYS_H                                     
000004c2  MPYS_L                                     
000004c1  MPY_H                                      
000004c0  MPY_L                                      
0001926c  OLED_Clear                                 
000050ec  OLED_F8x16                                 
00019944  OLED_IIC_Init                              
00018566  OLED_IIC_SendByte                          
000198e2  OLED_IIC_Start                             
000199f4  OLED_IIC_Stop                              
00015f68  OLED_Init                                  
00019356  OLED_Pow                                   
000194ae  OLED_Set_Cursor                            
00017ade  OLED_ShowChar                              
00017802  OLED_ShowSignedNum                         
00019724  OLED_WriteCommand                          
0001961a  OLED_WriteData                             
000004c8  OP2                                        
000004e2  OP2H                                       
000004e3  OP2H_H                                     
000004e2  OP2H_L                                     
000004e0  OP2L                                       
000004e1  OP2L_H                                     
000004e0  OP2L_L                                     
000004c9  OP2_H                                      
000004c8  OP2_L                                      
0000020e  P1IV                                       
0000021e  P2IV                                       
000001e0  P4MAP01                                    
000001e1  P4MAP01_H                                  
000001e0  P4MAP01_L                                  
000001e2  P4MAP23                                    
000001e3  P4MAP23_H                                  
000001e2  P4MAP23_L                                  
000001e4  P4MAP45                                    
000001e5  P4MAP45_H                                  
000001e4  P4MAP45_L                                  
000001e6  P4MAP67                                    
000001e7  P4MAP67_H                                  
000001e6  P4MAP67_L                                  
00000204  PADIR                                      
00000205  PADIR_H                                    
00000204  PADIR_L                                    
00000208  PADS                                       
00000209  PADS_H                                     
00000208  PADS_L                                     
0000021a  PAIE                                       
00000218  PAIES                                      
00000219  PAIES_H                                    
00000218  PAIES_L                                    
0000021b  PAIE_H                                     
0000021a  PAIE_L                                     
0000021c  PAIFG                                      
0000021d  PAIFG_H                                    
0000021c  PAIFG_L                                    
00000200  PAIN                                       
00000201  PAIN_H                                     
00000200  PAIN_L                                     
00000202  PAOUT                                      
00000203  PAOUT_H                                    
00000202  PAOUT_L                                    
00000206  PAREN                                      
00000207  PAREN_H                                    
00000206  PAREN_L                                    
0000020a  PASEL                                      
0000020b  PASEL_H                                    
0000020a  PASEL_L                                    
00000224  PBDIR                                      
00000225  PBDIR_H                                    
00000224  PBDIR_L                                    
00000228  PBDS                                       
00000229  PBDS_H                                     
00000228  PBDS_L                                     
00000220  PBIN                                       
00000221  PBIN_H                                     
00000220  PBIN_L                                     
00000222  PBOUT                                      
00000223  PBOUT_H                                    
00000222  PBOUT_L                                    
00000226  PBREN                                      
00000227  PBREN_H                                    
00000226  PBREN_L                                    
0000022a  PBSEL                                      
0000022b  PBSEL_H                                    
0000022a  PBSEL_L                                    
00000244  PCDIR                                      
00000245  PCDIR_H                                    
00000244  PCDIR_L                                    
00000248  PCDS                                       
00000249  PCDS_H                                     
00000248  PCDS_L                                     
00000240  PCIN                                       
00000241  PCIN_H                                     
00000240  PCIN_L                                     
00000242  PCOUT                                      
00000243  PCOUT_H                                    
00000242  PCOUT_L                                    
00000246  PCREN                                      
00000247  PCREN_H                                    
00000246  PCREN_L                                    
0000024a  PCSEL                                      
0000024b  PCSEL_H                                    
0000024a  PCSEL_L                                    
00000264  PDDIR                                      
00000265  PDDIR_H                                    
00000264  PDDIR_L                                    
00000268  PDDS                                       
00000269  PDDS_H                                     
00000268  PDDS_L                                     
00000260  PDIN                                       
00000261  PDIN_H                                     
00000260  PDIN_L                                     
00000262  PDOUT                                      
00000263  PDOUT_H                                    
00000262  PDOUT_L                                    
00000266  PDREN                                      
00000267  PDREN_H                                    
00000266  PDREN_L                                    
0000026a  PDSEL                                      
0000026b  PDSEL_H                                    
0000026a  PDSEL_L                                    
00015a44  PID_PosOperation                           
00000324  PJDIR                                      
00000325  PJDIR_H                                    
00000324  PJDIR_L                                    
00000328  PJDS                                       
00000329  PJDS_H                                     
00000328  PJDS_L                                     
00000320  PJIN                                       
00000321  PJIN_H                                     
00000320  PJIN_L                                     
00000322  PJOUT                                      
00000323  PJOUT_H                                    
00000322  PJOUT_L                                    
00000326  PJREN                                      
00000327  PJREN_H                                    
00000326  PJREN_L                                    
00000130  PM5CTL0                                    
00000131  PM5CTL0_H                                  
00000130  PM5CTL0_L                                  
000001c2  PMAPCTL                                    
000001c3  PMAPCTL_H                                  
000001c2  PMAPCTL_L                                  
000001c0  PMAPKEYID                                  
000001c1  PMAPKEYID_H                                
000001c0  PMAPKEYID_L                                
00000120  PMMCTL0                                    
00000121  PMMCTL0_H                                  
00000120  PMMCTL0_L                                  
00000122  PMMCTL1                                    
00000123  PMMCTL1_H                                  
00000122  PMMCTL1_L                                  
0000012c  PMMIFG                                     
0000012d  PMMIFG_H                                   
0000012c  PMMIFG_L                                   
0000012e  PMMRIE                                     
0000012f  PMMRIE_H                                   
0000012e  PMMRIE_L                                   
00018662  PMM_setVCore                               
00016fa2  PMM_setVCoreDown                           
000165d0  PMM_setVCoreUp                             
00018d70  Pid_Init                                   
00004476  Port_2                                     
00000158  RCCTL0                                     
00000159  RCCTL0_H                                   
00000158  RCCTL0_L                                   
000001b0  REFCTL0                                    
000001b1  REFCTL0_H                                  
000001b0  REFCTL0_L                                  
000004e4  RES0                                       
000004e5  RES0_H                                     
000004e4  RES0_L                                     
000004e6  RES1                                       
000004e7  RES1_H                                     
000004e6  RES1_L                                     
000004e8  RES2                                       
000004e9  RES2_H                                     
000004e8  RES2_L                                     
000004ea  RES3                                       
000004eb  RES3_H                                     
000004ea  RES3_L                                     
000004cc  RESHI                                      
000004cd  RESHI_H                                    
000004cc  RESHI_L                                    
000004ca  RESLO                                      
000004cb  RESLO_H                                    
000004ca  RESLO_L                                    
000004ba  RTCADOWDAY                                 
000004bb  RTCADOWDAY_H                               
000004ba  RTCADOWDAY_L                               
000004b8  RTCAMINHR                                  
000004b9  RTCAMINHR_H                                
000004b8  RTCAMINHR_L                                
000004a0  RTCCTL01                                   
000004a1  RTCCTL01_H                                 
000004a0  RTCCTL01_L                                 
000004a2  RTCCTL23                                   
000004a3  RTCCTL23_H                                 
000004a2  RTCCTL23_L                                 
000004b4  RTCDATE                                    
000004b5  RTCDATE_H                                  
000004b4  RTCDATE_L                                  
000004ae  RTCIV                                      
000004ac  RTCPS                                      
000004a8  RTCPS0CTL                                  
000004a9  RTCPS0CTL_H                                
000004a8  RTCPS0CTL_L                                
000004aa  RTCPS1CTL                                  
000004ab  RTCPS1CTL_H                                
000004aa  RTCPS1CTL_L                                
000004ad  RTCPS_H                                    
000004ac  RTCPS_L                                    
000004b0  RTCTIM0                                    
000004b1  RTCTIM0_H                                  
000004b0  RTCTIM0_L                                  
000004b2  RTCTIM1                                    
000004b3  RTCTIM1_H                                  
000004b2  RTCTIM1_L                                  
000004b6  RTCYEAR                                    
000004b7  RTCYEAR_H                                  
000004b6  RTCYEAR_L                                  
000025a8  Right_Motor_PID                            
00000100  SFRIE1                                     
00000101  SFRIE1_H                                   
00000100  SFRIE1_L                                   
00000102  SFRIFG1                                    
00000103  SFRIFG1_H                                  
00000102  SFRIFG1_L                                  
00000104  SFRRPCR                                    
00000105  SFRRPCR_H                                  
00000104  SFRRPCR_L                                  
000004ce  SUMEXT                                     
000004cf  SUMEXT_H                                   
000004ce  SUMEXT_L                                   
00000124  SVSMHCTL                                   
00000125  SVSMHCTL_H                                 
00000124  SVSMHCTL_L                                 
00000128  SVSMIO                                     
00000129  SVSMIO_H                                   
00000128  SVSMIO_L                                   
00000126  SVSMLCTL                                   
00000127  SVSMLCTL_H                                 
00000126  SVSMLCTL_L                                 
00000198  SYSBERRIV                                  
00000199  SYSBERRIV_H                                
00000198  SYSBERRIV_L                                
00000182  SYSBSLC                                    
00000183  SYSBSLC_H                                  
00000182  SYSBSLC_L                                  
00000180  SYSCTL                                     
00000181  SYSCTL_H                                   
00000180  SYSCTL_L                                   
00000186  SYSJMBC                                    
00000187  SYSJMBC_H                                  
00000186  SYSJMBC_L                                  
00000188  SYSJMBI0                                   
00000189  SYSJMBI0_H                                 
00000188  SYSJMBI0_L                                 
0000018a  SYSJMBI1                                   
0000018b  SYSJMBI1_H                                 
0000018a  SYSJMBI1_L                                 
0000018c  SYSJMBO0                                   
0000018d  SYSJMBO0_H                                 
0000018c  SYSJMBO0_L                                 
0000018e  SYSJMBO1                                   
0000018f  SYSJMBO1_H                                 
0000018e  SYSJMBO1_L                                 
0000019e  SYSRSTIV                                   
0000019f  SYSRSTIV_H                                 
0000019e  SYSRSTIV_L                                 
0000019c  SYSSNIV                                    
0000019d  SYSSNIV_H                                  
0000019c  SYSSNIV_L                                  
0000019a  SYSUNIV                                    
0000019b  SYSUNIV_H                                  
0000019a  SYSUNIV_L                                  
000172b2  System_Confing                             
00000352  TA0CCR0                                    
00000354  TA0CCR1                                    
00000356  TA0CCR2                                    
00000358  TA0CCR3                                    
0000035a  TA0CCR4                                    
00000342  TA0CCTL0                                   
00000344  TA0CCTL1                                   
00000346  TA0CCTL2                                   
00000348  TA0CCTL3                                   
0000034a  TA0CCTL4                                   
00000340  TA0CTL                                     
00000360  TA0EX0                                     
0000036e  TA0IV                                      
00000350  TA0R                                       
00000392  TA1CCR0                                    
00000394  TA1CCR1                                    
00000396  TA1CCR2                                    
00000382  TA1CCTL0                                   
00000384  TA1CCTL1                                   
00000386  TA1CCTL2                                   
00000380  TA1CTL                                     
000003a0  TA1EX0                                     
000003ae  TA1IV                                      
00000390  TA1R                                       
00000412  TA2CCR0                                    
00000414  TA2CCR1                                    
00000416  TA2CCR2                                    
00000402  TA2CCTL0                                   
00000404  TA2CCTL1                                   
00000406  TA2CCTL2                                   
00000400  TA2CTL                                     
00000420  TA2EX0                                     
0000042e  TA2IV                                      
00000410  TA2R                                       
000003d2  TB0CCR0                                    
000003d4  TB0CCR1                                    
000003d6  TB0CCR2                                    
000003d8  TB0CCR3                                    
000003da  TB0CCR4                                    
000003dc  TB0CCR5                                    
000003de  TB0CCR6                                    
000003c2  TB0CCTL0                                   
000003c4  TB0CCTL1                                   
000003c6  TB0CCTL2                                   
000003c8  TB0CCTL3                                   
000003ca  TB0CCTL4                                   
000003cc  TB0CCTL5                                   
000003ce  TB0CCTL6                                   
000003c0  TB0CTL                                     
000003e0  TB0EX0                                     
[...]
000023d6  USBIEPBCTY_2                               
000023d7  USBIEPSIZXY_2                              
000023d8  USBIEPCNF_3                                
000023d9  USBIEPBBAX_3                               
000023da  USBIEPBCTX_3                               
000023dd  USBIEPBBAY_3                               
000023de  USBIEPBCTY_3                               
000023df  USBIEPSIZXY_3                              
000023e0  USBIEPCNF_4                                
000023e1  USBIEPBBAX_4                               
000023e2  USBIEPBCTX_4                               
000023e5  USBIEPBBAY_4                               
000023e6  USBIEPBCTY_4                               
000023e7  USBIEPSIZXY_4                              
000023e8  USBIEPCNF_5                                
000023e9  USBIEPBBAX_5                               
000023ea  USBIEPBCTX_5                               
000023ed  USBIEPBBAY_5                               
000023ee  USBIEPBCTY_5                               
000023ef  USBIEPSIZXY_5                              
000023f0  USBIEPCNF_6                                
000023f1  USBIEPBBAX_6                               
000023f2  USBIEPBCTX_6                               
000023f5  USBIEPBBAY_6                               
000023f6  USBIEPBCTY_6                               
000023f7  USBIEPSIZXY_6                              
000023f8  USBIEPCNF_7                                
000023f9  USBIEPBBAX_7                               
000023fa  USBIEPBCTX_7                               
000023fd  USBIEPBBAY_7                               
000023fe  USBIEPBCTY_7                               
000023ff  USBIEPSIZXY_7                              
00002400  _ftable                                    
000024c8  _device                                    
00002540  _stream                                    
0000257c  Left_Motor_PID                             
000025a8  Right_Motor_PID                            
0000264e  __TI_cleanup_ptr                           
00002652  __TI_dtors_ptr                             
00002656  _lock                                      
0000265a  _unlock                                    
0000265e  __TI_ft_end                                
00002660  errno                                      
00002662  __TI_enable_exit_profile_output            
00002666  _CIOBUF_                                   
00002786  __TI_tmpnams                               
00002834  parmbuf                                    
00002840  pitch                                      
00002844  roll                                       
00002848  yow                                        
0000284c  _sys_memory                                
00004360  _stack                                     
00004400  TIMERB0_ISR                                
00004400  __STACK_END                                
00004476  Port_2                                     
000044d2  _c_int00_noargs                            
000044ee  __TI_ISR_TRAP                              
000050ec  OLED_F8x16                                 
000056dc  _ctypes_                                   
000058c8  test                                       
00005972  reg                                        
0000599a  hw                                         
00005a4a  __TI_Handler_Table_Base                    
00005a56  __TI_Handler_Table_Limit                   
00005a5c  __TI_CINIT_Base                            
00005a6c  __TI_CINIT_Limit                           
00005a6c  __TI_CINIT_Warm                            
0000ffd2  __TI_int41                                 
0000ffd4  __TI_int42                                 
0000ffd6  __TI_int43                                 
0000ffd8  __TI_int44                                 
0000ffda  __TI_int45                                 
0000ffdc  __TI_int46                                 
0000ffde  __TI_int47                                 
0000ffe0  __TI_int48                                 
0000ffe2  __TI_int49                                 
0000ffe4  __TI_int50                                 
0000ffe6  __TI_int51                                 
0000ffe8  __TI_int52                                 
0000ffea  __TI_int53                                 
0000ffec  __TI_int54                                 
0000ffee  __TI_int55                                 
0000fff0  __TI_int56                                 
0000fff2  __TI_int57                                 
0000fff4  __TI_int58                                 
0000fff6  __TI_int59                                 
0000fff8  __TI_int60                                 
0000fffa  __TI_int61                                 
0000fffc  __TI_int62                                 
0000fffe  _reset_vector                              
00010000  __mspabi_addd                              
0001072a  asin                                       
0001072a  asinl                                      
000112fa  __TI_frcdivd                               
00011762  atan                                       
00011762  atanl                                      
00011b9e  mpu_dmp_get_data                           
00011f1e  __mspabi_divull                            
0001226c  atan2                                      
0001226c  atan2l                                     
0001257a  dmp_read_fifo                              
0001285a  sqrt                                       
0001285a  sqrtl                                      
00012b36  __TI_printfi                               
00012ddc  __mspabi_mpyd                              
00013550  dmp_enable_feature                         
0001399a  __mspabi_divd                              
00013dbc  mpu_reset_fifo                             
0001418e  mpu_init                                   
0001436e  dmp_set_gyro_bias                          
00014704  dmp_set_accel_bias                         
00014a60  dmp_set_tap_thresh                         
00014bf8  dmp_set_orientation                        
00014ef6  __TI_frcmpyd                               
0001505a  ldexp                                      
0001505a  ldexpl                                     
0001505a  scalbn                                     
0001505a  scalbnl                                    
0001544e  mpu_set_bypass                             
00015592  __mspabi_divlli                            
000156ce  __mspabi_subf                              
000156d4  __mspabi_addf                              
00015928  mpu_run_self_test                          
00015a44  PID_PosOperation                           
00015b5a  aligned_alloc                              
00015b5a  memalign                                   
00015d6e  run_self_test                              
00015f68  OLED_Init                                  
0001605c  fputs                                      
00016326  mpu_lp_accel_mode                          
0001640c  UCS_initFLL                                
000164ee  free                                       
000165d0  PMM_setVCoreUp                             
000166b0  setvbuf                                    
0001678e  __mspabi_cmpd                              
00016866  MPU_Init                                   
00016936  mpu_set_sensors                            
00016aca  mpu_read_fifo_stream                       
00016b8c  mpu_load_firmware                          
00016c46  __mspabi_mpyf                              
00016cfe  __mspabi_cvtdf                             
00016db0  UCS_initClockSignal                        
00016efc  frexp                                      
00016efc  frexpl                                     
00016fa2  PMM_setVCoreDown                           
00017044  __mspabi_fltlid                            
000170e2  mpu_dmp_init                               
00017180  HOSTlseek                                  
0001721a  mpu_set_sample_rate                        
000172b2  System_Confing                             
00017468  fputc                                      
00017468  putc                                       
000174f8  __mspabi_divf                              
00017588  __TI_ltoa                                  
00017608  mpu_set_dmp_state                          
00017688  __TI_wrt_ok                                
00017706  mpu_set_gyro_fsr                           
00017784  __mspabi_fixfli                            
00017802  OLED_ShowSignedNum                         
0001787e  mpu_set_lpf                                
000178fa  mpu_read_mem                               
00017974  mpu_write_mem                              
00017a66  mpu_set_accel_fsr                          
00017ade  OLED_ShowChar                              
00017b54  __TI_decompress_lzss                       
00017bca  HOSTrename                                 
00017c3e  __TI_closefile                             
00017cb2  dmp_set_fifo_rate                          
00017e0e  HOSTopen                                   
00017e7e  MPU_Read_Len                               
00017eec  HOSTwrite                                  
00017f58  HOSTread                                   
00017fc2  fseek                                      
00017fc2  fseeko                                     
0001802c  __mspabi_fixfi                             
00018094  __mspabi_fixdli                            
000180fa  mpu_configure_fifo                         
00018160  __TI_doflush                               
000181c4  __mspabi_cvtfd                             
00018228  MPU_Write_Byte                             
0001828a  atoi                                       
000182ec  mpu_set_int_latched                        
0001834c  MPU_Write_Len                              
000183aa  __mspabi_mpyll_f5hw                        
00018406  close                                      
00018460  getdevice                                  
000184ba  __mspabi_divul                             
000184ba  __mspabi_remul                             
00018512  IIC_Wait_Ack_R                             
00018566  OLED_IIC_SendByte                          
000185ba  __TI_auto_init_nobinit_nopinit_hold_wdt    
0001860e  mpu_get_lpf                                
00018662  PMM_setVCore                               
00018704  HOSTclose                                  
00018752  IIC_Read_Byte                              
000187a0  IIC_Send_Byte                              
0001883c  mpu_get_gyro_sens                          
0001888a  exit                                       
000188d4  main                                       
0001891e  printf                                     
00018968  __mspabi_cmpf                              
000189b2  __mspabi_fltlif                            
000189fc  dmp_enable_gyro_cal                        
00018a44  inv_row_2_scale                            
00018a8c  HOSTunlink                                 
00018ad2  dmp_set_shake_reject_thresh                
00018b18  mpu_get_accel_sens                         
00018b5e  __mspabi_fixfu                             
00018ba4  MPU_Set_LPF                                
00018be8  dmp_enable_6x_lp_quat                      
00018c2c  dmp_enable_lp_quat                         
00018c70  MPU_Read_Byte                              
00018cb0  __mspabi_srall                             
00018cf0  mpu_get_accel_fsr                          
00018d30  __mspabi_divli                             
00018d30  __mspabi_remli                             
00018d70  Pid_Init                                   
00018dae  __mspabi_sral_15                           
00018db2  __mspabi_sral_14                           
00018db6  __mspabi_sral_13                           
00018dba  __mspabi_sral_12                           
00018dbe  __mspabi_sral_11                           
00018dc2  __mspabi_sral_10                           
00018dc6  __mspabi_sral_9                            
00018dca  __mspabi_sral_8                            
00018dce  __mspabi_sral_7                            
00018dd2  __mspabi_sral_6                            
00018dd6  __mspabi_sral_5                            
00018dda  __mspabi_sral_4                            
00018dde  __mspabi_sral_3                            
00018de2  __mspabi_sral_2                            
00018de6  __mspabi_sral_1                            
00018dec  __mspabi_slll_15                           
00018df0  __mspabi_slll_14                           
00018df4  __mspabi_slll_13                           
00018df8  __mspabi_slll_12                           
00018dfc  __mspabi_slll_11                           
00018e00  __mspabi_slll_10                           
00018e04  __mspabi_slll_9                            
00018e08  __mspabi_slll_8                            
00018e0c  __mspabi_slll_7                            
00018e10  __mspabi_slll_6                            
00018e14  __mspabi_slll_5                            
00018e18  __mspabi_slll_4                            
00018e1c  __mspabi_slll_3                            
00018e20  __mspabi_slll_2                            
00018e24  __mspabi_slll_1                            
00018e2a  __mspabi_srll_15                           
00018e2e  __mspabi_srll_14                           
00018e32  __mspabi_srll_13                           
00018e36  __mspabi_srll_12                           
00018e3a  __mspabi_srll_11                           
00018e3e  __mspabi_srll_10                           
00018e42  __mspabi_srll_9                            
00018e46  __mspabi_srll_8                            
00018e4a  __mspabi_srll_7                            
00018e4e  __mspabi_srll_6                            
00018e52  __mspabi_srll_5                            
00018e56  __mspabi_srll_4                            
00018e5a  __mspabi_srll_3                            
00018e5e  __mspabi_srll_2                            
00018e62  __mspabi_srll_1                            
00018e68  lseek                                      
00018ea6  mpu_get_gyro_fsr                           
00018ee2  write                                      
00018f1e  __mspabi_sllll                             
00018f58  __mspabi_srlll                             
00018f92  UCS_turnOnLFXT1                            
00018fca  MPU_Set_Rate                               
00019000  UCS_initFLLSettle                          
00019036  __TI_cleanup                               
0001906c  __TI_writemsg                              
0001909e  C$$IO$$                                    
000190a2  __mspabi_fltif                             
000190d8  GPIO_setAsInputPin                         
0001910c  UCS_turnOnXT2                              
00019140  dmp_set_tap_axes                           
00019174  __TI_readmsg                               
000191a6  __mspabi_subd                              
000191d8  __mspabi_fltulf                            
0001920a  strncpy                                    
0001923c  GPIO_getInterruptStatus                    
0001926c  OLED_Clear                                 
0001929c  remove                                     
0001929c  unlink                                     
000192cc  __mspabi_negd                              
000192fa  copysign                                   
000192fa  copysignl                                  
00019328  finddevice                                 
00019356  OLED_Pow                                   
00019382  __mspabi_mpyull_f5hw                       
000193da  __mspabi_divi                              
000193da  __mspabi_remi                              
00019406  IIC_Ack                                    
00019430  IIC_NAck                                   
0001945a  IIC_Start                                  
00019484  IIC_Stop                                   
000194ae  OLED_Set_Cursor                            
00019502  inv_orientation_matrix_to_scalar           
0001952c  GPIO_setAsOutputPin                        
00019554  GPIO_setAsPeripheralModuleFunctionInputPin 
0001957c  GPIO_setAsPeripheralModuleFunctionOutputPin
000195a4  __mspabi_fixdi                             
000195cc  dmp_set_tap_count                          
000195f4  Get_Encoder_Speed                          
0001961a  OLED_WriteData                             
00019640  dmp_set_shake_reject_time                  
00019666  dmp_set_shake_reject_timeout               
0001968c  dmp_set_tap_time                           
000196b2  dmp_set_tap_time_multi                     
000196d8  memccpy                                    
000196fe  memcmp                                     
00019724  OLED_WriteCommand                          
00019748  __TI_zero_init_nomemset                    
0001976c  __mspabi_fltuf                             
00019790  __mspabi_mpyl_f5hw                         
000197b4  IIC_Init                                   
000197d6  Vofa_PrintDatas                            
000197f8  USCI_A_UART_transmitData                   
00019818  WDT_A_hold                                 
00019838  GPIO_clearInterrupt                        
00019856  GPIO_getInputPinValue                      
00019872  GPIO_setOutputHighOnPin                    
0001988e  GPIO_setOutputLowOnPin                     
000198aa  strchr                                     
000198c6  strcmp                                     
000198e2  OLED_IIC_Start                             
000198fc  IIC_Write_SCL                              
00019914  IIC_Write_SDA                              
0001992c  __mspabi_mpyi_f5hw                         
00019944  OLED_IIC_Init                              
0001995a  dmp_load_motion_driver_firmware            
00019986  llabs                                      
0001999c  memchr                                     
000199b2  memset                                     
000199c8  __mspabi_divu                              
000199c8  __mspabi_remu                              
000199de  wcslen                                     
000199f4  OLED_IIC_Stop                              
00019a08  Vofa_Input                                 
00019a1c  memcpy                                     
00019a30  mpu_get_sample_rate                        
00019a44  UCS_setExternalClockSource                 
00019a56  __TI_decompress_none                       
00019a68  strcpy                                     
00019a7a  toupper                                    
00019a8c  MPU_Set_Accel_Fsr                          
00019a9c  MPU_Set_Gyro_Fsr                           
00019aac  __mspabi_slll                              
00019abc  __mspabi_srll                              
00019acc  Vofa_Send                                  
00019ada  labs                                       
00019ae8  strlen                                     
00019af6  __mspabi_fltid                             
00019b02  IIC_Write                                  
00019b0c  abs                                        
00019b16  mpu_get_fifo_config                        
00019b20  __mspabi_srai                              
00019b2a  __mspabi_slli                              
00019b34  malloc                                     
00019b42  C$$EXIT                                    
00019b42  abort                                      
00019b4c  _system_pre_init                           
00019b50  _nop                                       
00019b52  _system_post_cinit                         
00019b54  mget_ms                                    
ffffffff  __TI_pprof_out_hndl                        
ffffffff  __TI_prof_data_size                        
ffffffff  __TI_prof_data_start                       
ffffffff  __c_args__                                 

[1070 symbols]
